f_fastboot.c:1894:13:fastboot_complete	0	static
f_fastboot.c:2102:12:strcmp_l1	16	static
f_fastboot.c:1940:13:fastboot_unbind	0	static
f_fastboot.c:1122:12:_fastboot_parts_add_ptable_entry	104	static
f_fastboot.c:2295:13:do_bootm_on_complete	32	static
f_fastboot.c:2091:13:compl_do_reset	0	static
f_fastboot.c:1964:28:fastboot_start_ep	16	static
f_fastboot.c:2039:12:fastboot_add	16	static
f_fastboot.c:1945:13:fastboot_disable	8	static
f_fastboot.c:2319:13:do_exit_on_complete	0	static
f_fastboot.c:1902:12:fastboot_bind	24	static
f_fastboot.c:1983:12:fastboot_set_alt	16	static
f_fastboot.c:519:12:parse_env.isra.3.constprop	8	static
f_fastboot.c:707:6:fastboot_fail	16	static
f_fastboot.c:713:6:fastboot_okay	16	static
f_fastboot.c:1471:6:fastboot_flash_add_ptn	8	static
f_fastboot.c:1479:6:fastboot_flash_dump_ptn	24	static
f_fastboot.c:1490:26:fastboot_flash_find_ptn	32	static
f_fastboot.c:1602:5:do_boota	152	static
f_fastboot.c:1507:26:fastboot_flash_get_ptn	0	static
f_fastboot.c:1515:14:fastboot_flash_get_ptn_count	0	static
f_fastboot.c:1524:13:__def_fastboot_setup	0	static
f_fastboot.c:1532:6:fastboot_setup	320	static
f_fastboot.c:1559:6:check_fastboot	8	static
f_fastboot.c:1573:1:bootimg_print_image_hdr	0	static
f_fastboot.c:2086:5:fastboot_tx_write_str	24	static
f_fastboot.c:2465:13:rx_handler_command	40	static
f_fastboot.c:2357:13:cb_oem	8	static
f_fastboot.c:2380:13:cb_erase	80	static
f_fastboot.c:2331:13:cb_flash	360	static
f_fastboot.c:2324:13:cb_continue	0	static
f_fastboot.c:2313:13:cb_boot	0	static
f_fastboot.c:2266:13:cb_download	104	static
f_fastboot.c:2176:13:rx_handler_dl_image	96	static
f_fastboot.c:2109:13:cb_getvar	104	static
f_fastboot.c:2096:13:cb_reboot	0	static
f_fastboot.c:2406:13:cb_reboot_bootloader	8	static
