mx6sabresd.c:728:13:enable_lvds	0	static
mx6sabresd.c:225:13:enable_rgb	8	static
mx6sabresd.c:722:13:do_enable_hdmi	0	static
mx6sabresd.c:91:5:dram_init	8	static
mx6sabresd.c:186:5:board_spi_cs_gpio	0	static
mx6sabresd.c:320:5:mmc_get_env_devno	0	static
mx6sabresd.c:344:5:mmc_map_to_kernel_blk	0	static
mx6sabresd.c:352:5:board_mmc_getcd	8	static
mx6sabresd.c:372:5:board_mmc_init	16	static
mx6sabresd.c:458:5:check_mmc_autodetect	8	static
mx6sabresd.c:470:6:board_late_mmc_env_init	72	static
mx6sabresd.c:676:5:mx6_rgmii_rework	16	static
mx6sabresd.c:699:5:board_phy_config	8	static
mx6sabresd.c:861:5:overwrite_console	0	static
mx6sabresd.c:866:5:board_eth_init	8	static
mx6sabresd.c:902:5:board_ehci_hcd_init	0	static
mx6sabresd.c:917:5:board_ehci_power	8	static
mx6sabresd.c:937:5:board_early_init_f	8	static
mx6sabresd.c:947:5:board_init	8	static
mx6sabresd.c:973:5:power_init_board	16	static
mx6sabresd.c:1056:6:ldo_mode_set	24	static
mx6sabresd.c:1177:5:board_late_init	8	static
mx6sabresd.c:1189:5:checkboard	8	static
mx6sabresd.c:1197:6:board_fastboot_setup	8	static
mx6sabresd.c:1244:5:check_recovery_cmd_file	8	static
mx6sabresd.c:1265:6:board_recovery_setup	8	static
