Archive member included to satisfy reference by file (symbol)

/home/desk/prebuilts/gcc/linux-x86/arm/arm-linux-androideabi-4.9/bin/../lib/gcc/arm-linux-androideabi/4.9.x-google/armv7-a/libgcc.a(_udivsi3.o)
                              arch/arm/cpu/armv7/built-in.o (__aeabi_uidiv)
/home/desk/prebuilts/gcc/linux-x86/arm/arm-linux-androideabi-4.9/bin/../lib/gcc/arm-linux-androideabi/4.9.x-google/armv7-a/libgcc.a(_divsi3.o)
                              common/built-in.o (__aeabi_idiv)
/home/desk/prebuilts/gcc/linux-x86/arm/arm-linux-androideabi-4.9/bin/../lib/gcc/arm-linux-androideabi/4.9.x-google/armv7-a/libgcc.a(_lshrdi3.o)
                              fs/built-in.o (__aeabi_llsr)
/home/desk/prebuilts/gcc/linux-x86/arm/arm-linux-androideabi-4.9/bin/../lib/gcc/arm-linux-androideabi/4.9.x-google/armv7-a/libgcc.a(_ashldi3.o)
                              drivers/mmc/built-in.o (__aeabi_llsl)
/home/desk/prebuilts/gcc/linux-x86/arm/arm-linux-androideabi-4.9/bin/../lib/gcc/arm-linux-androideabi/4.9.x-google/armv7-a/libgcc.a(_dvmd_lnx.o)
                              /home/desk/prebuilts/gcc/linux-x86/arm/arm-linux-androideabi-4.9/bin/../lib/gcc/arm-linux-androideabi/4.9.x-google/armv7-a/libgcc.a(_udivsi3.o) (__aeabi_idiv0)

Discarded input sections

 .data          0x0000000000000000        0x0 arch/arm/cpu/armv7/start.o
 .bss           0x0000000000000000        0x0 arch/arm/cpu/armv7/start.o
 .text.v7_outer_cache_flush_all
                0x0000000000000000        0x4 arch/arm/cpu/armv7/built-in.o
 .text.v7_outer_cache_inval_all
                0x0000000000000000        0x4 arch/arm/cpu/armv7/built-in.o
 .text.v7_outer_cache_flush_range
                0x0000000000000000        0x4 arch/arm/cpu/armv7/built-in.o
 .text.v7_outer_cache_inval_range
                0x0000000000000000        0x4 arch/arm/cpu/armv7/built-in.o
 .text.v7_arch_cp15_set_l2aux_ctrl
                0x0000000000000000        0x8 arch/arm/cpu/armv7/built-in.o
 .text.v7_arch_cp15_set_acr
                0x0000000000000000        0x8 arch/arm/cpu/armv7/built-in.o
 .text.sdelay   0x0000000000000000        0xc arch/arm/cpu/armv7/built-in.o
 .text.wait_on_value
                0x0000000000000000       0x34 arch/arm/cpu/armv7/built-in.o
 .text.set_arm_freq_400M
                0x0000000000000000       0x2c arch/arm/cpu/armv7/built-in.o
 .text.enable_enet_pll
                0x0000000000000000       0x68 arch/arm/cpu/armv7/built-in.o
 .text.enable_enet_clk
                0x0000000000000000       0x24 arch/arm/cpu/armv7/built-in.o
 .text.enable_uart_clk
                0x0000000000000000       0x24 arch/arm/cpu/armv7/built-in.o
 .text.enable_usdhc_clk
                0x0000000000000000       0x4c arch/arm/cpu/armv7/built-in.o
 .text.enable_spi_clk
                0x0000000000000000       0x44 arch/arm/cpu/armv7/built-in.o
 .text.enable_fec_anatop_clock
                0x0000000000000000       0x98 arch/arm/cpu/armv7/built-in.o
 .text.enable_sata_clock
                0x0000000000000000       0x1c arch/arm/cpu/armv7/built-in.o
 .text.disable_sata_clock
                0x0000000000000000       0x18 arch/arm/cpu/armv7/built-in.o
 .text.enable_pcie_clock
                0x0000000000000000       0x70 arch/arm/cpu/armv7/built-in.o
 .data          0x0000000000000000        0x0 arch/arm/cpu/armv7/built-in.o
 .bss           0x0000000000000000        0x0 arch/arm/cpu/armv7/built-in.o
 .text          0x0000000000000000        0x0 arch/arm/imx-common/built-in.o
 .text.get_imx_reset_cause
                0x0000000000000000       0x10 arch/arm/imx-common/built-in.o
 .text.set_chipselect_size
                0x0000000000000000       0x84 arch/arm/imx-common/built-in.o
 .text.mxs_wait_mask_set
                0x0000000000000000       0x40 arch/arm/imx-common/built-in.o
 .text.mxs_wait_mask_clr
                0x0000000000000000       0x3c arch/arm/imx-common/built-in.o
 .text.mxs_reset_block
                0x0000000000000000       0x90 arch/arm/imx-common/built-in.o
 .text.detect_hdmi
                0x0000000000000000       0x18 arch/arm/imx-common/built-in.o
 .text.usec2ticks
                0x0000000000000000       0x68 arch/arm/imx-common/built-in.o
 .data          0x0000000000000000        0x0 arch/arm/imx-common/built-in.o
 .bss           0x0000000000000000        0x0 arch/arm/imx-common/built-in.o
 .text.reset_misc
                0x0000000000000000        0x4 arch/arm/lib/built-in.o
 .text.flush_cache
                0x0000000000000000        0x4 arch/arm/lib/built-in.o
 .text.flush_dcache_all
                0x0000000000000000        0xc arch/arm/lib/built-in.o
 .text.enable_caches
                0x0000000000000000        0xc arch/arm/lib/built-in.o
 .text.arm_init_before_mmu
                0x0000000000000000        0x4 arch/arm/lib/built-in.o
 .text.mmu_page_table_flush
                0x0000000000000000        0x4 arch/arm/lib/built-in.o
 .rodata.pl310  0x0000000000000000        0x4 arch/arm/lib/built-in.o
[...]
Memory Configuration

Name             Origin             Length             Attributes
*default*        0x0000000000000000 0xffffffffffffffff

Linker script and memory map

Address of section .text set to 0x17800000
                0x0000000000000000                . = 0x0
                0x0000000000000000                . = ALIGN (0x4)

.text           0x0000000017800000    0x454dc
 *(.__image_copy_start)
 .__image_copy_start
                0x0000000017800000        0x0 arch/arm/lib/built-in.o
                0x0000000017800000                __image_copy_start
 *(.vectors)
 .vectors       0x0000000017800000      0x300 arch/arm/lib/built-in.o
                0x0000000017800000                _start
                0x0000000017800020                _undefined_instruction
                0x0000000017800024                _software_interrupt
                0x0000000017800028                _prefetch_abort
                0x000000001780002c                _data_abort
                0x0000000017800030                _not_used
                0x0000000017800034                _irq
                0x0000000017800038                _fiq
                0x0000000017800040                IRQ_STACK_START_IN
 arch/arm/cpu/armv7/start.o(.text*)
 .text          0x0000000017800300       0xec arch/arm/cpu/armv7/start.o
                0x0000000017800300                reset
                0x0000000017800304                save_boot_params_ret
                0x0000000017800340                c_runtime_cpu_setup
                0x0000000017800350                save_boot_params
                0x0000000017800354                cpu_init_cp15
                0x00000000178003e4                cpu_init_crit
 *(.text*)
 .text          0x00000000178003ec       0x1c arch/arm/cpu/armv7/built-in.o
                0x00000000178003ec                lowlevel_init
 .text.v7_maint_dcache_all
                0x0000000017800408       0xd0 arch/arm/cpu/armv7/built-in.o
 .text.invalidate_icache_all
                0x00000000178004d8       0x18 arch/arm/cpu/armv7/built-in.o
                0x00000000178004d8                invalidate_icache_all
 .text.v7_outer_cache_enable
                0x00000000178004f0       0x6c arch/arm/cpu/armv7/built-in.o
                0x00000000178004f4                v7_outer_cache_enable
 .text.v7_outer_cache_disable
                0x000000001780055c       0x1c arch/arm/cpu/armv7/built-in.o
                0x0000000017800560                v7_outer_cache_disable
 .text.flush_dcache_all
                0x0000000017800578       0x14 arch/arm/cpu/armv7/built-in.o
                0x0000000017800578                flush_dcache_all
 .text.invalidate_dcache_all
                0x000000001780058c       0x14 arch/arm/cpu/armv7/built-in.o
                0x000000001780058c                invalidate_dcache_all
 .text.arm_init_before_mmu
                0x00000000178005a0       0x28 arch/arm/cpu/armv7/built-in.o
                0x00000000178005a0                arm_init_before_mmu
 .text.flush_dcache_range
                0x00000000178005c8       0x3c arch/arm/cpu/armv7/built-in.o
                0x00000000178005c8                flush_dcache_range
 .text.mmu_page_table_flush
                0x0000000017800604       0x24 arch/arm/cpu/armv7/built-in.o
                0x0000000017800604                mmu_page_table_flush
 .text.flush_cache
                0x0000000017800628        0x8 arch/arm/cpu/armv7/built-in.o
                0x0000000017800628                flush_cache
 .text.invalidate_dcache_range
                0x0000000017800630       0xac arch/arm/cpu/armv7/built-in.o
                0x0000000017800630                invalidate_dcache_range
 .text.cpu_cache_initialization
                0x00000000178006dc        0x4 arch/arm/cpu/armv7/built-in.o
                0x00000000178006dc                cpu_cache_initialization
 .text.cleanup_before_linux
                0x00000000178006e0       0x28 arch/arm/cpu/armv7/built-in.o
                0x00000000178006e0                cleanup_before_linux
 .text.get_nr_cpus
                0x0000000017800708       0x10 arch/arm/cpu/armv7/built-in.o
                0x0000000017800708                get_nr_cpus
 .text.get_cpu_rev
                0x0000000017800718       0x68 arch/arm/cpu/armv7/built-in.o
                0x0000000017800718                get_cpu_rev
 .text.get_board_rev
                0x0000000017800780       0x30 arch/arm/cpu/armv7/built-in.o
                0x0000000017800780                get_board_rev
 .text.init_aips
                0x00000000178007b0       0x58 arch/arm/cpu/armv7/built-in.o
                0x00000000178007b0                init_aips
 .text.arch_cpu_init
                0x0000000017800808      0x1e0 arch/arm/cpu/armv7/built-in.o
                0x0000000017800808                arch_cpu_init
 .text.board_postclk_init
                0x00000000178009e8       0x50 arch/arm/cpu/armv7/built-in.o
                0x00000000178009e8                board_postclk_init
 .text.get_board_serial
                0x0000000017800a38       0x1c arch/arm/cpu/armv7/built-in.o
                0x0000000017800a38                get_board_serial
 .text.enable_caches
                0x0000000017800a54       0x34 arch/arm/cpu/armv7/built-in.o
                0x0000000017800a54                enable_caches
 .text.imx_get_mac_from_fuse
                0x0000000017800a88       0x3c arch/arm/cpu/armv7/built-in.o
                0x0000000017800a88                imx_get_mac_from_fuse
 .text.boot_mode_apply
                0x0000000017800ac4       0x24 arch/arm/cpu/armv7/built-in.o
                0x0000000017800ac4                boot_mode_apply
 .text.get_boot_device
                0x0000000017800ae8       0x9c arch/arm/cpu/armv7/built-in.o
                0x0000000017800ae8                get_boot_device
 .text.s_init   0x0000000017800b84       0x98 arch/arm/cpu/armv7/built-in.o
                0x0000000017800b84                s_init
 .text.set_wdog_reset
                0x0000000017800c1c       0x18 arch/arm/cpu/armv7/built-in.o
                0x0000000017800c1c                set_wdog_reset
 .text.reset_misc
                0x0000000017800c34        0x4 arch/arm/cpu/armv7/built-in.o
                0x0000000017800c34                reset_misc
 .text.check_ldo_bypass
                0x0000000017800c38       0x78 arch/arm/cpu/armv7/built-in.o
                0x0000000017800c38                check_ldo_bypass
 .text.check_1_2G
                0x0000000017800cb0       0x5c arch/arm/cpu/armv7/built-in.o
                0x0000000017800cb0                check_1_2G
 .text.prep_anatop_bypass
                0x0000000017800d0c       0x6c arch/arm/cpu/armv7/built-in.o
                0x0000000017800d0c                prep_anatop_bypass
 .text.set_anatop_bypass
                0x0000000017800d78       0x50 arch/arm/cpu/armv7/built-in.o
                0x0000000017800d78                set_anatop_bypass
 .text.finish_anatop_bypass
                0x0000000017800dc8       0x24 arch/arm/cpu/armv7/built-in.o
                0x0000000017800dc8                finish_anatop_bypass
 .text.imx_enable_hdmi_phy
                0x0000000017800dec       0x4c arch/arm/cpu/armv7/built-in.o
                0x0000000017800dec                imx_enable_hdmi_phy
 .text.imx_setup_hdmi
                0x0000000017800e38       0x78 arch/arm/cpu/armv7/built-in.o
                0x0000000017800e38                imx_setup_hdmi
 .text.recovery_check_and_clean_flag
                0x0000000017800eb0       0x40 arch/arm/cpu/armv7/built-in.o
                0x0000000017800eb0                recovery_check_and_clean_flag
 .text.fastboot_check_and_clean_flag
                0x0000000017800ef0       0x24 arch/arm/cpu/armv7/built-in.o
                0x0000000017800ef0                fastboot_check_and_clean_flag
 .text.fastboot_enable_flag
                0x0000000017800f14       0x18 arch/arm/cpu/armv7/built-in.o
                0x0000000017800f14                fastboot_enable_flag
 .text.mxc_get_pll_pfd
                0x0000000017800f2c       0xa0 arch/arm/cpu/armv7/built-in.o
 .text.get_usdhc_clk
                0x0000000017800fcc       0x90 arch/arm/cpu/armv7/built-in.o
 .text.enable_ocotp_clk
                0x000000001780105c       0x24 arch/arm/cpu/armv7/built-in.o
                0x000000001780105c                enable_ocotp_clk
 .text.enable_usboh3_clk
                0x0000000017801080       0x24 arch/arm/cpu/armv7/built-in.o
                0x0000000017801080                enable_usboh3_clk
 .text.enable_i2c_clk
                0x00000000178010a4       0x48 arch/arm/cpu/armv7/built-in.o
                0x00000000178010a4                enable_i2c_clk
 .text.get_periph_clk
                0x00000000178010ec       0xdc arch/arm/cpu/armv7/built-in.o
                0x00000000178010ec                get_periph_clk
 .text.get_axi_clk
                0x00000000178011c8       0x4c arch/arm/cpu/armv7/built-in.o
 .text.imx_get_uartclk
                0x0000000017801214       0x54 arch/arm/cpu/armv7/built-in.o
                0x0000000017801214                imx_get_uartclk
 .text.enable_thermal_clk
                0x0000000017801268       0x48 arch/arm/cpu/armv7/built-in.o
                0x0000000017801268                enable_thermal_clk
 .text.mxc_get_clock
                0x00000000178012b0      0x224 arch/arm/cpu/armv7/built-in.o
                0x00000000178012b0                mxc_get_clock
 .text.imx_get_fecclk
                0x00000000178014d4        0x8 arch/arm/cpu/armv7/built-in.o
                0x00000000178014d4                imx_get_fecclk
 .text.do_mx6_showclocks
                0x00000000178014dc      0x24c arch/arm/cpu/armv7/built-in.o
                0x00000000178014dc                do_mx6_showclocks
 .text.enable_ipu_clock
                0x0000000017801728       0x18 arch/arm/cpu/armv7/built-in.o
                0x0000000017801728                enable_ipu_clock
 .text.cpu_reset
                0x0000000017801740       0x28 arch/arm/cpu/armv7/built-in.o
                0x0000000017801740                cpu_reset
 .text.cpu_status
                0x0000000017801768       0x40 arch/arm/cpu/armv7/built-in.o
                0x0000000017801768                cpu_status
 .text.cpu_release
                0x00000000178017a8       0x80 arch/arm/cpu/armv7/built-in.o
                0x00000000178017a8                cpu_release
 .text.is_core_valid
                0x0000000017801828       0x1c arch/arm/cpu/armv7/built-in.o
                0x0000000017801828                is_core_valid
 .text.cpu_disable
                0x0000000017801844       0x28 arch/arm/cpu/armv7/built-in.o
                0x0000000017801844                cpu_disable
 .text.imx_iomux_v3_setup_pad
                0x000000001780186c       0xb0 arch/arm/imx-common/built-in.o
                0x000000001780186c                imx_iomux_v3_setup_pad
 .text.imx_iomux_v3_setup_multiple_pads
                0x000000001780191c       0x2c arch/arm/imx-common/built-in.o
                0x000000001780191c                imx_iomux_v3_setup_multiple_pads
 .text.imx_iomux_set_gpr_register
                0x0000000017801948       0x3c arch/arm/imx-common/built-in.o
                0x0000000017801948                imx_iomux_set_gpr_register
 .text.imx_ddr_size
                0x0000000017801984       0x64 arch/arm/imx-common/built-in.o
                0x0000000017801984                imx_ddr_size
 .text.get_imx_type
                0x00000000178019e8       0x20 arch/arm/imx-common/built-in.o
                0x00000000178019e8                get_imx_type
 .text.print_cpuinfo
                0x0000000017801a08      0x1d8 arch/arm/imx-common/built-in.o
                0x0000000017801a08                print_cpuinfo
 .text.cpu_eth_init
                0x0000000017801be0        0x4 arch/arm/imx-common/built-in.o
                0x0000000017801be0                cpu_eth_init
 .text.cpu_mmc_init
                0x0000000017801be4        0x4 arch/arm/imx-common/built-in.o
                0x0000000017801be4                cpu_mmc_init
 .text.get_ahb_clk
                0x0000000017801be8       0x24 arch/arm/imx-common/built-in.o
                0x0000000017801be8                get_ahb_clk
 .text.arch_preboot_os
                0x0000000017801c0c       0x14 arch/arm/imx-common/built-in.o
                0x0000000017801c0c                arch_preboot_os
 .text.get_clocks
                0x0000000017801c20       0x1c arch/arm/imx-common/built-in.o
                0x0000000017801c20                get_clocks
 .text.force_idle_bus
                0x0000000017801c3c      0x1c4 arch/arm/imx-common/built-in.o
 .text.setup_i2c
                0x0000000017801e00       0xec arch/arm/imx-common/built-in.o
                0x0000000017801e00                setup_i2c
 .text.board_video_skip
                0x0000000017801eec      0x170 arch/arm/imx-common/built-in.o
                0x0000000017801eec                board_video_skip
 .text.timer_init
                0x000000001780205c      0x15c arch/arm/imx-common/built-in.o
                0x000000001780205c                timer_init
 .text.get_ticks
                0x00000000178021b8       0x44 arch/arm/imx-common/built-in.o
                0x00000000178021b8                get_ticks
 .text.get_timer_masked
                0x00000000178021fc      0x100 arch/arm/imx-common/built-in.o
                0x00000000178021fc                get_timer_masked
 .text.get_timer
                0x00000000178022fc       0x14 arch/arm/imx-common/built-in.o
                0x00000000178022fc                get_timer
 .text.__udelay
                0x0000000017802310      0x138 arch/arm/imx-common/built-in.o
                0x0000000017802310                __udelay
 .text.get_tbclk
                0x0000000017802448       0xa4 arch/arm/imx-common/built-in.o
                0x0000000017802448                get_tbclk
 .text.create_usage
                0x00000000178024ec       0xa0 arch/arm/imx-common/built-in.o
 .text.do_boot_mode
                0x000000001780258c       0xcc arch/arm/imx-common/built-in.o
 .text.add_board_boot_modes
                0x0000000017802658       0x60 arch/arm/imx-common/built-in.o
                0x0000000017802658                add_board_boot_modes
 .text          0x00000000178026b8       0xa8 arch/arm/lib/built-in.o
                0x00000000178026b8                _main
 .text.relocate_vectors
                0x0000000017802760       0x70 arch/arm/lib/built-in.o
                0x0000000017802760                relocate_vectors
                0x000000001780276c                relocate_code
 .text.arch_fixup_fdt
                0x00000000178027d0       0x38 arch/arm/lib/built-in.o
                0x00000000178027d0                arch_fixup_fdt
 .text.boot_jump_linux
                0x0000000017802808       0xc4 arch/arm/lib/built-in.o
 .text.arch_lmb_reserve
                0x00000000178028cc       0x24 arch/arm/lib/built-in.o
                0x00000000178028cc                arch_lmb_reserve
 .text.setup_board_tags
                0x00000000178028f0        0x4 arch/arm/lib/built-in.o
                0x00000000178028f0                setup_board_tags
 .text.boot_prep_linux
                0x00000000178028f4      0x1d4 arch/arm/lib/built-in.o
 .text.do_bootm_linux
                0x0000000017802ac8       0x5c arch/arm/lib/built-in.o
                0x0000000017802ac8                do_bootm_linux
 .text.bootz_setup
                0x0000000017802b24       0x60 arch/arm/lib/built-in.o
                0x0000000017802b24                bootz_setup
 .text.boot_prep_vxworks
                0x0000000017802b84       0x50 arch/arm/lib/built-in.o
                0x0000000017802b84                boot_prep_vxworks
 .text.boot_jump_vxworks
                0x0000000017802bd4        0xc arch/arm/lib/built-in.o
                0x0000000017802bd4                boot_jump_vxworks
 .text.v7_outer_cache_inval_all
                0x0000000017802be0       0x38 arch/arm/lib/built-in.o
                0x0000000017802be0                v7_outer_cache_inval_all
 .text.v7_outer_cache_flush_all
                0x0000000017802c18       0x38 arch/arm/lib/built-in.o
                0x0000000017802c18                v7_outer_cache_flush_all
 .text.v7_outer_cache_flush_range
                0x0000000017802c50       0x30 arch/arm/lib/built-in.o
                0x0000000017802c50                v7_outer_cache_flush_range
 .text.v7_outer_cache_inval_range
                0x0000000017802c80       0x80 arch/arm/lib/built-in.o
                0x0000000017802c80                v7_outer_cache_inval_range
 .text.arch_reserve_stacks
                0x0000000017802d00       0x1c arch/arm/lib/built-in.o
                0x0000000017802d00                arch_reserve_stacks
 .text.interrupt_init
                0x0000000017802d1c       0x1c arch/arm/lib/built-in.o
                0x0000000017802d1c                interrupt_init
 .text.enable_interrupts
                0x0000000017802d38        0x4 arch/arm/lib/built-in.o
                0x0000000017802d38                enable_interrupts
 .text.disable_interrupts
                0x0000000017802d3c        0x8 arch/arm/lib/built-in.o
                0x0000000017802d3c                disable_interrupts
 .text.bad_mode
                0x0000000017802d44       0x10 arch/arm/lib/built-in.o
                0x0000000017802d44                bad_mode
 .text.show_regs
                0x0000000017802d54      0x174 arch/arm/lib/built-in.o
                0x0000000017802d54                show_regs
 .text.do_undefined_instruction
                0x0000000017802ec8       0x20 arch/arm/lib/built-in.o
                0x0000000017802ec8                do_undefined_instruction
 .text.do_software_interrupt
                0x0000000017802ee8       0x20 arch/arm/lib/built-in.o
                0x0000000017802ee8                do_software_interrupt
 .text.do_prefetch_abort
                0x0000000017802f08       0x20 arch/arm/lib/built-in.o
                0x0000000017802f08                do_prefetch_abort
 .text.do_data_abort
                0x0000000017802f28       0x20 arch/arm/lib/built-in.o
                0x0000000017802f28                do_data_abort
 .text.do_not_used
                0x0000000017802f48       0x20 arch/arm/lib/built-in.o
                0x0000000017802f48                do_not_used
 .text.do_fiq   0x0000000017802f68       0x20 arch/arm/lib/built-in.o
                0x0000000017802f68                do_fiq
 .text.do_irq   0x0000000017802f88       0x20 arch/arm/lib/built-in.o
                0x0000000017802f88                do_irq
 .text.do_reset
                0x0000000017802fa8       0x30 arch/arm/lib/built-in.o
                0x0000000017802fa8                do_reset
 .text.cp_delay
                0x0000000017802fd8       0x30 arch/arm/lib/built-in.o
 .text.arm_init_domains
                0x0000000017803008        0x4 arch/arm/lib/built-in.o
                0x0000000017803008                arm_init_domains
 .text.set_section_dcache
                0x000000001780300c       0x14 arch/arm/lib/built-in.o
                0x000000001780300c                set_section_dcache
 .text.mmu_set_region_dcache_behaviour
                0x0000000017803020       0x50 arch/arm/lib/built-in.o
                0x0000000017803020                mmu_set_region_dcache_behaviour
 .text.dram_bank_mmu_setup
                0x0000000017803070       0x44 arch/arm/lib/built-in.o
                0x0000000017803070                dram_bank_mmu_setup
 .text.icache_enable
                0x00000000178030b4       0x18 arch/arm/lib/built-in.o
                0x00000000178030b4                icache_enable
 .text.icache_disable
                0x00000000178030cc       0x1c arch/arm/lib/built-in.o
                0x00000000178030cc                icache_disable
 .text.icache_status
                0x00000000178030e8        0xc arch/arm/lib/built-in.o
                0x00000000178030e8                icache_status
 .text.dcache_enable
                0x00000000178030f4       0x6c arch/arm/lib/built-in.o
                0x00000000178030f4                dcache_enable
 .text.dcache_disable
                0x0000000017803160       0x38 arch/arm/lib/built-in.o
                0x0000000017803160                dcache_disable
 .text.dcache_status
                0x0000000017803198        0xc arch/arm/lib/built-in.o
                0x0000000017803198                dcache_status
 .text.pfuze_mode_init
                0x00000000178031a4       0xd4 board/freescale/common/built-in.o
                0x00000000178031a4                pfuze_mode_init
 .text.pfuze_common_init
                0x0000000017803278      0x10c board/freescale/common/built-in.o
                0x0000000017803278                pfuze_common_init
 .text.check_recovery_mode
                0x0000000017803384       0x48 board/freescale/common/built-in.o
                0x0000000017803384                check_recovery_mode
 .text.enable_lvds
                0x00000000178033cc       0x14 board/freescale/mx6sabresd/built-in.o
 .text.enable_rgb
                0x00000000178033e0       0x24 board/freescale/mx6sabresd/built-in.o
 .text.do_enable_hdmi
                0x0000000017803404       0x18 board/freescale/mx6sabresd/built-in.o
 .text.dram_init
                0x000000001780341c       0x18 board/freescale/mx6sabresd/built-in.o
                0x000000001780341c                dram_init
 .text.board_spi_cs_gpio
                0x0000000017803434       0x10 board/freescale/mx6sabresd/built-in.o
                0x0000000017803434                board_spi_cs_gpio
 .text.mmc_get_env_devno
                0x0000000017803444       0x24 board/freescale/mx6sabresd/built-in.o
                0x0000000017803444                mmc_get_env_devno
 .text.board_mmc_getcd
                0x0000000017803468       0x60 board/freescale/mx6sabresd/built-in.o
                0x0000000017803468                board_mmc_getcd
 .text.board_mmc_init
                0x00000000178034c8       0xb8 board/freescale/mx6sabresd/built-in.o
                0x00000000178034c8                board_mmc_init
 .text.check_mmc_autodetect
                0x0000000017803580       0x38 board/freescale/mx6sabresd/built-in.o
                0x0000000017803580                check_mmc_autodetect
 .text.board_late_mmc_env_init
                0x00000000178035b8       0x78 board/freescale/mx6sabresd/built-in.o
                0x00000000178035b8                board_late_mmc_env_init
 .text.mx6_rgmii_rework
                0x0000000017803630      0x110 board/freescale/mx6sabresd/built-in.o
                0x0000000017803630                mx6_rgmii_rework
 .text.board_phy_config
                0x0000000017803740       0x2c board/freescale/mx6sabresd/built-in.o
                0x0000000017803740                board_phy_config
 .text.overwrite_console
                0x000000001780376c        0x8 board/freescale/mx6sabresd/built-in.o
                0x000000001780376c                overwrite_console
 .text.board_eth_init
                0x0000000017803774       0x54 board/freescale/mx6sabresd/built-in.o
                0x0000000017803774                board_eth_init
 .text.board_ehci_hcd_init
                0x00000000178037c8       0x28 board/freescale/mx6sabresd/built-in.o
                0x00000000178037c8                board_ehci_hcd_init
 .text.board_ehci_power
                0x00000000178037f0       0x4c board/freescale/mx6sabresd/built-in.o
                0x00000000178037f0                board_ehci_power
 .text.board_early_init_f
                0x000000001780383c       0x8c board/freescale/mx6sabresd/built-in.o
                0x000000001780383c                board_early_init_f
 .text.board_init
                0x00000000178038c8       0x7c board/freescale/mx6sabresd/built-in.o
                0x00000000178038c8                board_init
 .text.power_init_board
                0x0000000017803944      0x268 board/freescale/mx6sabresd/built-in.o
                0x0000000017803944                power_init_board
 .text.ldo_mode_set
                0x0000000017803bac      0x2a4 board/freescale/mx6sabresd/built-in.o
                0x0000000017803bac                ldo_mode_set
 .text.board_late_init
                0x0000000017803e50       0x1c board/freescale/mx6sabresd/built-in.o
                0x0000000017803e50                board_late_init
 .text.checkboard
                0x0000000017803e6c       0x18 board/freescale/mx6sabresd/built-in.o
                0x0000000017803e6c                checkboard
 .text.board_fastboot_setup
                0x0000000017803e84      0x110 board/freescale/mx6sabresd/built-in.o
                0x0000000017803e84                board_fastboot_setup
 .text.check_recovery_cmd_file
                0x0000000017803f94       0x58 board/freescale/mx6sabresd/built-in.o
                0x0000000017803f94                check_recovery_cmd_file
 .text.board_recovery_setup
                0x0000000017803fec       0xd4 board/freescale/mx6sabresd/built-in.o
                0x0000000017803fec                board_recovery_setup
 .text.show_boot_progress
                0x00000000178040c0        0x4 common/built-in.o
                0x00000000178040c0                show_boot_progress
 .text.main_loop
                0x00000000178040c4       0x20 common/built-in.o
                0x00000000178040c4                main_loop
 .text.dummy    0x00000000178040e4        0x4 common/built-in.o
 .text.get_version
                0x00000000178040e8        0x8 common/built-in.o
                0x00000000178040e8                get_version
 .text.jumptable_init
                0x00000000178040f0      0x1c0 common/built-in.o
                0x00000000178040f0                jumptable_init
 .text.hash_command
                0x00000000178042b0       0xb4 common/built-in.o
                0x00000000178042b0                hash_command
 .text.b_reset  0x0000000017804364       0x1c common/built-in.o
 .text.static_get
                0x0000000017804380       0x1c common/built-in.o
 .text.static_peek
                0x000000001780439c        0xc common/built-in.o
 .text.file_peek
                0x00000000178043a8        0xc common/built-in.o
 .text.syntax_err
                0x00000000178043b4        0xc common/built-in.o
 .text.free_pipe_list
                0x00000000178043c0       0xf0 common/built-in.o
 .text.xmalloc  0x00000000178044b0       0x20 common/built-in.o
 .text.xrealloc
                0x00000000178044d0       0x20 common/built-in.o
 .text.done_command
                0x00000000178044f0       0x88 common/built-in.o
 .text.done_pipe
                0x0000000017804578       0x60 common/built-in.o
 .text.do_showvar
                0x00000000178045d8       0xfc common/built-in.o
 .text.file_get
                0x00000000178046d4      0x1ec common/built-in.o
 .text.b_addchr
                0x00000000178048c0       0x78 common/built-in.o
 .text.b_addqchr
                0x0000000017804938       0x50 common/built-in.o
 .text.done_word
                0x0000000017804988      0x2fc common/built-in.o
 .text.get_local_var
                0x0000000017804c84       0xa0 common/built-in.o
                0x0000000017804c84                get_local_var
 .text.set_local_var
                0x0000000017804d24      0x1bc common/built-in.o
                0x0000000017804d24                set_local_var
 .text.insert_var_value_sub
                0x0000000017804ee0      0x2c0 common/built-in.o
 .text.parse_string_outer
                0x00000000178051a0       0xe4 common/built-in.o
                0x00000000178051a0                parse_string_outer
 .text.run_list_real
                0x0000000017805284      0x848 common/built-in.o
 .text.parse_stream_outer
                0x0000000017805acc      0x76c common/built-in.o
 .text.parse_file_outer
                0x0000000017806238       0x44 common/built-in.o
                0x0000000017806238                parse_file_outer
 .text.u_boot_hush_start
                0x000000001780627c       0x54 common/built-in.o
                0x000000001780627c                u_boot_hush_start
 .text.bootdelay_process
                0x00000000178062d0       0xd0 common/built-in.o
                0x00000000178062d0                bootdelay_process
 .text.autoboot_command
                0x00000000178063a0       0xd0 common/built-in.o
                0x00000000178063a0                autoboot_command
 .text.display_text_info
                0x0000000017806470        0x8 common/built-in.o
 .text.setup_mon_len
                0x0000000017806478       0x20 common/built-in.o
 .text.setup_fdt
                0x0000000017806498        0x8 common/built-in.o
 .text.reserve_round_4k
                0x00000000178064a0       0x18 common/built-in.o
 .text.reserve_mmu
                0x00000000178064b8       0x38 common/built-in.o
 .text.reserve_trace
                0x00000000178064f0        0x8 common/built-in.o
 .text.reserve_uboot
                0x00000000178064f8       0x30 common/built-in.o
 .text.reserve_malloc
                0x0000000017806528       0x18 common/built-in.o
 .text.setup_machine
                0x0000000017806540       0x14 common/built-in.o
 .text.reserve_global_data
                0x0000000017806554       0x1c common/built-in.o
 .text.reserve_fdt
                0x0000000017806570       0x4c common/built-in.o
 .text.display_new_sp
                0x00000000178065bc        0x8 common/built-in.o
 .text.initf_malloc
                0x00000000178065c4       0x1c common/built-in.o
 .text.reserve_arch
                0x00000000178065e0        0x8 common/built-in.o
                0x00000000178065e0                reserve_arch
 .text.setup_reloc
                0x00000000178065e8       0x28 common/built-in.o
 .text.reloc_fdt
                0x0000000017806610       0x30 common/built-in.o
 .text.announce_dram_init
                0x0000000017806640       0x18 common/built-in.o
 .text.init_func_i2c
                0x0000000017806658       0x28 common/built-in.o
 .text.init_baud_rate
                0x0000000017806680       0x2c common/built-in.o
 .text.initf_dm
                0x00000000178066ac        0x8 common/built-in.o
 .text.mark_bootstage
                0x00000000178066b4       0x14 common/built-in.o
 .text.reserve_board
                0x00000000178066c8       0x38 common/built-in.o
 .text.coloured_LED_init
                0x0000000017806700        0x4 common/built-in.o
                0x0000000017806700                coloured_LED_init
 .text.red_led_on
                0x0000000017806704        0x4 common/built-in.o
                0x0000000017806704                red_led_on
 .text.board_add_ram_info
                0x0000000017806708        0x4 common/built-in.o
                0x0000000017806708                board_add_ram_info
 .text.show_dram_config
                0x000000001780670c       0x38 common/built-in.o
 .text.dram_init_banksize
                0x0000000017806744       0x20 common/built-in.o
                0x0000000017806744                dram_init_banksize
 .text.setup_dram_config
                0x0000000017806764       0x10 common/built-in.o
 .text.board_get_usable_ram_top
                0x0000000017806774       0x14 common/built-in.o
                0x0000000017806774                board_get_usable_ram_top
 .text.setup_dest_addr
                0x0000000017806788       0x3c common/built-in.o
 .text.reserve_stacks
                0x00000000178067c4       0x1c common/built-in.o
 .text.board_init_f
                0x00000000178067e0       0x28 common/built-in.o
                0x00000000178067e0                board_init_f
 .text.bootstage_relocate
                0x0000000017806808        0x8 common/built-in.o
 .text.initr_trace
                0x0000000017806810        0x8 common/built-in.o
 .text.initr_reloc_global_data
                0x0000000017806818       0x28 common/built-in.o
 .text.initr_barrier
                0x0000000017806840        0x8 common/built-in.o
 .text.initr_announce
                0x0000000017806848        0x8 common/built-in.o
 .text.run_main_loop
                0x0000000017806850        0xc common/built-in.o
 .text.initr_check_fastboot
                0x000000001780685c       0x10 common/built-in.o
 .text.initr_net
                0x000000001780686c       0x20 common/built-in.o
 .text.initr_fastboot_setup
                0x000000001780688c       0x10 common/built-in.o
 .text.initr_ethaddr
                0x000000001780689c       0x20 common/built-in.o
 .text.initr_enable_interrupts
                0x00000000178068bc       0x10 common/built-in.o
 .text.initr_jumptable
                0x00000000178068cc       0x10 common/built-in.o
 .text.initr_env
                0x00000000178068dc       0x30 common/built-in.o
 .text.initr_mmc
                0x000000001780690c       0x20 common/built-in.o
 .text.initr_serial
                0x000000001780692c       0x10 common/built-in.o
 .text.initr_dm
                0x000000001780693c       0x14 common/built-in.o
 .text.initr_malloc
                0x0000000017806950       0x24 common/built-in.o
 .text.initr_caches
                0x0000000017806974       0x10 common/built-in.o
 .text.initr_reloc
                0x0000000017806984       0x24 common/built-in.o
 .text.cpu_secondary_init_r
                0x00000000178069a8        0x4 common/built-in.o
                0x00000000178069a8                cpu_secondary_init_r
 .text.initr_secondary_cpu
                0x00000000178069ac       0x10 common/built-in.o
 .text.board_init_r
                0x00000000178069bc       0x14 common/built-in.o
                0x00000000178069bc                board_init_r
 .text.show_board_info
                0x00000000178069d0        0x4 common/built-in.o
                0x00000000178069d0                show_board_info
 .text.do_go_exec
                0x00000000178069d4       0x10 common/built-in.o
                0x00000000178069d4                do_go_exec
 .text.do_go    0x00000000178069e4       0x6c common/built-in.o
 .text.do_bootm
                0x0000000017806a50      0x118 common/built-in.o
                0x0000000017806a50                do_bootm
 .text.do_bootd
                0x0000000017806b68       0x20 common/built-in.o
                0x0000000017806b68                do_bootd
 .text.image_info
                0x0000000017806b88       0xcc common/built-in.o
 .text.do_iminfo
                0x0000000017806c54       0x60 common/built-in.o
 .text.bootm_maybe_autostart
                0x0000000017806cb4       0x78 common/built-in.o
                0x0000000017806cb4                bootm_maybe_autostart
 .text.do_bootz
                0x0000000017806d2c       0xf8 common/built-in.o
                0x0000000017806d2c                do_bootz
 .text.bootm_find_ramdisk_fdt
                0x0000000017806e24       0xa8 common/built-in.o
                0x0000000017806e24                bootm_find_ramdisk_fdt
 .text.bootm_decomp_image
                0x0000000017806ecc      0x150 common/built-in.o
                0x0000000017806ecc                bootm_decomp_image
 .text.bootm_disable_interrupts
                0x000000001780701c       0x18 common/built-in.o
                0x000000001780701c                bootm_disable_interrupts
 .text.do_bootm_states
                0x0000000017807034      0x7d0 common/built-in.o
                0x0000000017807034                do_bootm_states
 .text.do_bootm_rtems
                0x0000000017807804       0x40 common/built-in.o
 .text.do_bootm_plan9
                0x0000000017807844       0xd0 common/built-in.o
 .text.do_bootm_standalone
                0x0000000017807914       0x64 common/built-in.o
 .text.do_bootm_netbsd
                0x0000000017807978      0x130 common/built-in.o
 .text.do_bootvx_fdt
                0x0000000017807aa8      0x10c common/built-in.o
                0x0000000017807aa8                do_bootvx_fdt
 .text.do_bootm_vxworks
                0x0000000017807bb4       0x24 common/built-in.o
 .text.boot_selected_os
                0x0000000017807bd8       0x58 common/built-in.o
                0x0000000017807bd8                boot_selected_os
 .text.bootm_os_get_boot_func
                0x0000000017807c30       0x10 common/built-in.o
                0x0000000017807c30                bootm_os_get_boot_func
 .text.do_help  0x0000000017807c40       0x48 common/built-in.o
 .text.do_version
                0x0000000017807c88       0x38 common/built-in.o
 .text.env_attr_walk
                0x0000000017807cc0      0x114 common/built-in.o
                0x0000000017807cc0                env_attr_walk
 .text.env_attr_lookup
                0x0000000017807dd4      0x18c common/built-in.o
                0x0000000017807dd4                env_attr_lookup
 .text.clear_callback
                0x0000000017807f60       0x10 common/built-in.o
 .text.on_callbacks
                0x0000000017807f70       0x48 common/built-in.o
 .text.set_callback
                0x0000000017807fb8       0xd0 common/built-in.o
 .text.env_callback_init
                0x0000000017808088       0xfc common/built-in.o
                0x0000000017808088                env_callback_init
 .text.clear_flags
                0x0000000017808184       0x10 common/built-in.o
 .text.on_flags
                0x0000000017808194       0x48 common/built-in.o
 .text.env_flags_parse_vartype
                0x00000000178081dc       0x50 common/built-in.o
                0x00000000178081dc                env_flags_parse_vartype
 .text.env_flags_parse_varaccess
                0x000000001780822c       0x58 common/built-in.o
                0x000000001780822c                env_flags_parse_varaccess
 .text.set_flags
                0x0000000017808284       0xb4 common/built-in.o
 .text.env_flags_init
                0x0000000017808338       0xd8 common/built-in.o
                0x0000000017808338                env_flags_init
 .text.env_flags_validate
                0x0000000017808410      0x35c common/built-in.o
                0x0000000017808410                env_flags_validate
 .text.mmc_get_env_addr
                0x000000001780876c       0x10 common/built-in.o
                0x000000001780876c                mmc_get_env_addr
 .text.env_init
                0x000000001780877c       0x1c common/built-in.o
                0x000000001780877c                env_init
 .text.mmc_get_env_part
                0x0000000017808798        0x8 common/built-in.o
                0x0000000017808798                mmc_get_env_part
 .text.init_mmc_for_env
                0x00000000178087a0       0x78 common/built-in.o
 .text.saveenv  0x0000000017808818      0x128 common/built-in.o
                0x0000000017808818                saveenv
 .text.env_relocate_spec
                0x0000000017808940       0xfc common/built-in.o
                0x0000000017808940                env_relocate_spec
 .text.source   0x0000000017808a3c       0xd8 common/built-in.o
                0x0000000017808a3c                source
 .text.do_source
                0x0000000017808b14       0x44 common/built-in.o
 .text.do_bdinfo
                0x0000000017808b58      0x1bc common/built-in.o
 .text.parse_argv
                0x0000000017808d14       0x64 common/built-in.o
 .text.do_icache
                0x0000000017808d78       0x88 common/built-in.o
 .text.do_dcache
                0x0000000017808e00       0x88 common/built-in.o
 .text.do_coninfo
                0x0000000017808e88       0xbc common/built-in.o
 .text.do_echo  0x0000000017808f44       0xb0 common/built-in.o
 .text.do_exit  0x0000000017808ff4       0x30 common/built-in.o
 .text.do_ext4_size
                0x0000000017809024       0x18 common/built-in.o
                0x0000000017809024                do_ext4_size
 .text.do_ext4_load
                0x000000001780903c       0x18 common/built-in.o
                0x000000001780903c                do_ext4_load
 .text.do_ext4_ls
                0x0000000017809054       0x18 common/built-in.o
                0x0000000017809054                do_ext4_ls
 .text.do_ext4_write
                0x000000001780906c       0x18 common/built-in.o
                0x000000001780906c                do_ext4_write
 .text.do_ext2load
                0x0000000017809084       0x18 common/built-in.o
                0x0000000017809084                do_ext2load
 .text.do_ext2ls
                0x000000001780909c       0x18 common/built-in.o
 .text.do_fat_size
                0x00000000178090b4       0x18 common/built-in.o
                0x00000000178090b4                do_fat_size
 .text.do_fat_fsload
                0x00000000178090cc       0x18 common/built-in.o
                0x00000000178090cc                do_fat_fsload
 .text.do_fat_ls
                0x00000000178090e4       0x18 common/built-in.o
 .text.do_fat_fsinfo
                0x00000000178090fc       0x90 common/built-in.o
 .text.fdt_valid
                0x000000001780918c       0xbc common/built-in.o
 .text.is_printable_string.part.1
                0x0000000017809248       0x78 common/built-in.o
 .text.print_data
                0x00000000178092c0      0x18c common/built-in.o
 .text.set_working_fdt_addr
                0x000000001780944c       0x1c common/built-in.o
                0x000000001780944c                set_working_fdt_addr
 .text.do_fdt   0x0000000017809468      0xec8 common/built-in.o
 .text.fdt_find_and_setprop
                0x000000001780a330       0x70 common/built-in.o
                0x000000001780a330                fdt_find_and_setprop
 .text.fdt_find_or_add_subnode
                0x000000001780a3a0       0x68 common/built-in.o
                0x000000001780a3a0                fdt_find_or_add_subnode
 .text.fdt_initrd
                0x000000001780a408      0x1d0 common/built-in.o
                0x000000001780a408                fdt_initrd
 .text.fdt_chosen
                0x000000001780a5d8       0xa8 common/built-in.o
                0x000000001780a5d8                fdt_chosen
 .text.do_fixup_by_path
                0x000000001780a680       0x54 common/built-in.o
                0x000000001780a680                do_fixup_by_path
 .text.fdt_fixup_memory_banks
                0x000000001780a6d4      0x1a4 common/built-in.o
                0x000000001780a6d4                fdt_fixup_memory_banks
 .text.fdt_fixup_memory
                0x000000001780a878       0x20 common/built-in.o
                0x000000001780a878                fdt_fixup_memory
 .text.fdt_fixup_ethernet
                0x000000001780a898      0x158 common/built-in.o
                0x000000001780a898                fdt_fixup_ethernet
 .text.fdt_shrink_to_minimum
                0x000000001780a9f0       0xcc common/built-in.o
                0x000000001780a9f0                fdt_shrink_to_minimum
 .text.do_flinfo
                0x000000001780aabc        0x8 common/built-in.o
 .text.do_flerase
                0x000000001780aac4        0x8 common/built-in.o
 .text.do_protect
                0x000000001780aacc       0x10 common/built-in.o
 .text.strtou32
                0x000000001780aadc       0x48 common/built-in.o
 .text.do_fuse  0x000000001780ab24      0x360 common/built-in.o
 .text.do_i2c   0x000000001780ae84       0x64 common/built-in.o
 .text.do_i2c_reset
                0x000000001780aee8       0x30 common/built-in.o
 .text.do_i2c_probe
                0x000000001780af18       0x9c common/built-in.o
 .text.do_i2c_bus_num
                0x000000001780afb4       0xb8 common/built-in.o
 .text.do_i2c_bus_speed
                0x000000001780b06c       0x74 common/built-in.o
 .text.do_i2c_show_bus
                0x000000001780b0e0       0xd8 common/built-in.o
 .text.get_alen.constprop.5
                0x000000001780b1b8       0x3c common/built-in.o
 .text.do_i2c_crc
                0x000000001780b1f4      0x124 common/built-in.o
 .text.do_i2c_read
                0x000000001780b318       0xbc common/built-in.o
 .text.do_i2c_md
                0x000000001780b3d4      0x1e8 common/built-in.o
 .text.do_i2c_mw
                0x000000001780b5bc      0x100 common/built-in.o
 .text.do_i2c_write
                0x000000001780b6bc      0x14c common/built-in.o
 .text.mod_i2c_mem.isra.4
                0x000000001780b808      0x208 common/built-in.o
 .text.do_i2c_nm
                0x000000001780ba10        0x8 common/built-in.o
 .text.do_i2c_mm
                0x000000001780ba18        0x8 common/built-in.o
 .text.do_i2c_loop
                0x000000001780ba20       0xe4 common/built-in.o
 .text.i2c_init_board
                0x000000001780bb04        0x4 common/built-in.o
                0x000000001780bb04                i2c_init_board
 .text.evalexp  0x000000001780bb08       0x74 common/built-in.o
 .text.evalstr  0x000000001780bb7c       0x6c common/built-in.o
 .text.binary_test
                0x000000001780bbe8      0x1b0 common/built-in.o
 .text.do_itest
                0x000000001780bd98       0x98 common/built-in.o
 .text.bin_data_init
                0x000000001780be30       0x2c common/built-in.o
 .text.getcxmodem
                0x000000001780be5c       0x20 common/built-in.o
 .text.load_serial_ymodem
                0x000000001780be7c       0xcc common/built-in.o
 .text.bin_data_char
                0x000000001780bf48       0x2c common/built-in.o
 .text.chk1.constprop.1
                0x000000001780bf74       0x2c common/built-in.o
 .text.s1_sendpacket.constprop.2
                0x000000001780bfa0       0x50 common/built-in.o
 .text.load_serial
                0x000000001780bff0      0x1e0 common/built-in.o
 .text.do_load_serial
                0x000000001780c1d0       0xd4 common/built-in.o
 .text.do_load_serial_bin
                0x000000001780c2a4      0x874 common/built-in.o
 .text.do_mem_mw
                0x000000001780cb18       0xc0 common/built-in.o
 .text.do_mem_loop
                0x000000001780cbd8       0xec common/built-in.o
 .text.do_mem_md
                0x000000001780ccc4       0xec common/built-in.o
 .text.do_mem_cmp
                0x000000001780cdb0      0x16c common/built-in.o
 .text.do_mem_base
                0x000000001780cf1c       0x40 common/built-in.o
 .text.do_mem_cp
                0x000000001780cf5c       0xd8 common/built-in.o
 .text.do_mem_crc
                0x000000001780d034       0x48 common/built-in.o
 .text.do_mem_mtest
                0x000000001780d07c      0x204 common/built-in.o
 .text.mod_mem.isra.2
                0x000000001780d280      0x164 common/built-in.o
 .text.do_mem_mm
                0x000000001780d3e4        0x8 common/built-in.o
 .text.do_mem_nm
                0x000000001780d3ec        0x8 common/built-in.o
 .text.miiphy_get_dev_by_name
                0x000000001780d3f4       0x60 common/built-in.o
                0x000000001780d3f4                miiphy_get_dev_by_name
 .text.miiphy_init
                0x000000001780d454       0x24 common/built-in.o
                0x000000001780d454                miiphy_init
 .text.mdio_alloc
                0x000000001780d478       0x30 common/built-in.o
                0x000000001780d478                mdio_alloc
 .text.mdio_register
                0x000000001780d4a8       0xa0 common/built-in.o
                0x000000001780d4a8                mdio_register
 .text.mdio_list_devices
                0x000000001780d548       0x98 common/built-in.o
                0x000000001780d548                mdio_list_devices
 .text.miiphy_set_current_dev
                0x000000001780d5e0       0x40 common/built-in.o
                0x000000001780d5e0                miiphy_set_current_dev
 .text.miiphy_get_active_dev
                0x000000001780d620       0x54 common/built-in.o
 .text.mdio_get_current_dev
                0x000000001780d674       0x10 common/built-in.o
                0x000000001780d674                mdio_get_current_dev
 .text.mdio_phydev_for_ethname
                0x000000001780d684       0x88 common/built-in.o
                0x000000001780d684                mdio_phydev_for_ethname
 .text.miiphy_get_current_dev
                0x000000001780d70c       0x18 common/built-in.o
                0x000000001780d70c                miiphy_get_current_dev
 .text.miiphy_read
                0x000000001780d724       0x4c common/built-in.o
                0x000000001780d724                miiphy_read
 .text.miiphy_write
                0x000000001780d770       0x40 common/built-in.o
                0x000000001780d770                miiphy_write
 .text.miiphy_listdev
                0x000000001780d7b0       0x74 common/built-in.o
                0x000000001780d7b0                miiphy_listdev
 .text.miiphy_info
                0x000000001780d824       0x88 common/built-in.o
                0x000000001780d824                miiphy_info
 .text.miiphy_speed
                0x000000001780d8ac       0x94 common/built-in.o
                0x000000001780d8ac                miiphy_speed
 .text.miiphy_duplex
                0x000000001780d940       0x94 common/built-in.o
                0x000000001780d940                miiphy_duplex
 .text.miiphy_is_1000base_x
                0x000000001780d9d4        0x8 common/built-in.o
                0x000000001780d9d4                miiphy_is_1000base_x
 .text.extract_range
                0x000000001780d9dc       0xe4 common/built-in.o
 .text.do_mii   0x000000001780dac0      0x7a4 common/built-in.o
 .text.do_mdio  0x000000001780e264      0x4b8 common/built-in.o
 .text.do_sleep
                0x000000001780e71c       0x70 common/built-in.o
 .text.do_mmcops
                0x000000001780e78c       0xb4 common/built-in.o
 .text.init_mmc_device
                0x000000001780e840       0x54 common/built-in.o
 .text.do_mmc_rescan
                0x000000001780e894       0x24 common/built-in.o
 .text.do_mmc_rst_func
                0x000000001780e8b8       0xa0 common/built-in.o
 .text.do_mmc_partconf
                0x000000001780e958       0xb4 common/built-in.o
 .text.do_mmc_boot_resize
                0x000000001780ea0c       0xcc common/built-in.o
 .text.do_mmc_bootbus
                0x000000001780ead8       0xb4 common/built-in.o
 .text.do_mmc_hwpartition
                0x000000001780eb8c      0x51c common/built-in.o
 .text.do_mmc_list
                0x000000001780f0a8       0x14 common/built-in.o
 .text.do_mmc_dev
                0x000000001780f0bc      0x134 common/built-in.o
 .text.do_mmc_part
                0x000000001780f1f0       0x5c common/built-in.o
 .text.do_mmc_erase
                0x000000001780f24c       0xe8 common/built-in.o
 .text.do_mmc_write
                0x000000001780f334      0x100 common/built-in.o
 .text.do_mmc_read
                0x000000001780f434       0xec common/built-in.o
 .text.do_mmcinfo
                0x000000001780f520      0x370 common/built-in.o
 .text.do_mmc_setdsr
                0x000000001780f890       0xb0 common/built-in.o
 .text.cpu_cmd  0x000000001780f940      0x110 common/built-in.o
 .text.netboot_common
                0x000000001780fa50      0x294 common/built-in.o
 .text.do_bootp
                0x000000001780fce4        0xc common/built-in.o
 .text.do_dhcp  0x000000001780fcf0        0xc common/built-in.o
 .text.do_nfs   0x000000001780fcfc        0xc common/built-in.o
 .text.do_tftpb
                0x000000001780fd08       0x40 common/built-in.o
                0x000000001780fd08                do_tftpb
 .text.do_ping  0x000000001780fd48       0x7c common/built-in.o
 .text.do_raw_read
                0x000000001780fdc4      0x15c common/built-in.o
                0x000000001780fdc4                do_raw_read
 .text.do_spi_flash
                0x000000001780ff20      0x7c4 common/built-in.o
 .text.do_setexpr
                0x00000000178106e4      0x1b8 common/built-in.o
 .text.do_false
                0x000000001781089c        0x8 common/built-in.o
 .text.do_true  0x00000000178108a4        0x8 common/built-in.o
 .text.do_test  0x00000000178108ac      0x33c common/built-in.o
 .text.usb_get_class_desc
                0x0000000017810be8       0xbc common/built-in.o
 .text.usb_display_class_sub
                0x0000000017810ca4      0x170 common/built-in.o
 .text.usb_show_tree_graph
                0x0000000017810e14      0x21c common/built-in.o
 .text.usb_display_string
                0x0000000017811030       0x44 common/built-in.o
 .text.usb_display_config
                0x0000000017811074      0x20c common/built-in.o
 .text.do_usbboot
                0x0000000017811280        0xc common/built-in.o
 .text.do_usb_start
                0x000000001781128c       0x44 common/built-in.o
 .text.usb_display_desc.part.3
                0x00000000178112d0      0x12c common/built-in.o
 .text.do_usb   0x00000000178113fc      0x7cc common/built-in.o
 .text.usb_set_maxpacket_ep
                0x0000000017811bc8       0x70 common/built-in.o
 .text.usb_stop
                0x0000000017811c38       0x64 common/built-in.o
                0x0000000017811c38                usb_stop
 .text.usb_disable_asynch
                0x0000000017811c9c       0x20 common/built-in.o
                0x0000000017811c9c                usb_disable_asynch
 .text.usb_control_msg
                0x0000000017811cbc       0xc4 common/built-in.o
                0x0000000017811cbc                usb_control_msg
 .text.usb_get_descriptor
                0x0000000017811d80       0x50 common/built-in.o
 .text.usb_get_string
                0x0000000017811dd0       0x6c common/built-in.o
 .text.usb_string_sub
                0x0000000017811e3c      0x108 common/built-in.o
 .text.usb_bulk_msg
                0x0000000017811f44       0x74 common/built-in.o
                0x0000000017811f44                usb_bulk_msg
 .text.usb_maxpacket
                0x0000000017811fb8       0x1c common/built-in.o
                0x0000000017811fb8                usb_maxpacket
 .text.usb_clear_halt
                0x0000000017811fd4       0x8c common/built-in.o
                0x0000000017811fd4                usb_clear_halt
 .text.usb_get_configuration_no
                0x0000000017812060       0xbc common/built-in.o
                0x0000000017812060                usb_get_configuration_no
 .text.usb_set_interface
                0x000000001781211c       0xa8 common/built-in.o
                0x000000001781211c                usb_set_interface
 .text.usb_string
                0x00000000178121c4      0x100 common/built-in.o
                0x00000000178121c4                usb_string
 .text.usb_get_dev_index
                0x00000000178122c4       0x24 common/built-in.o
                0x00000000178122c4                usb_get_dev_index
 .text.usb_alloc_new_device
                0x00000000178122e8       0x94 common/built-in.o
                0x00000000178122e8                usb_alloc_new_device
 .text.usb_free_device
                0x000000001781237c       0x48 common/built-in.o
                0x000000001781237c                usb_free_device
 .text.usb_alloc_device
                0x00000000178123c4        0x8 common/built-in.o
                0x00000000178123c4                usb_alloc_device
 .text.usb_new_device
                0x00000000178123cc      0x5c8 common/built-in.o
                0x00000000178123cc                usb_new_device
 .text.usb_init
                0x0000000017812994      0x12c common/built-in.o
                0x0000000017812994                usb_init
 .text.board_usb_init
                0x0000000017812ac0        0x8 common/built-in.o
                0x0000000017812ac0                board_usb_init
 .text.usb_get_port_status
                0x0000000017812ac8       0x4c common/built-in.o
 .text.usb_clear_port_feature
                0x0000000017812b14       0x4c common/built-in.o
 .text.usb_hub_power_on
                0x0000000017812b60       0x7c common/built-in.o
 .text.usb_hub_reset_devices
                0x0000000017812bdc        0x4 common/built-in.o
                0x0000000017812bdc                usb_hub_reset_devices
 .text.usb_hub_reset
                0x0000000017812be0       0x14 common/built-in.o
                0x0000000017812be0                usb_hub_reset
 .text.hub_port_reset
                0x0000000017812bf4       0xd0 common/built-in.o
                0x0000000017812bf4                hub_port_reset
 .text.usb_hub_port_connect_change
                0x0000000017812cc4      0x120 common/built-in.o
                0x0000000017812cc4                usb_hub_port_connect_change
 .text.usb_hub_configure
                0x0000000017812de4      0x34c common/built-in.o
 .text.usb_hub_probe
                0x0000000017813130       0x58 common/built-in.o
                0x0000000017813130                usb_hub_probe
 .text.usb_stor_irq
                0x0000000017813188       0x1c common/built-in.o
 .text.usb_stor_BBB_reset
                0x00000000178131a4       0xd0 common/built-in.o
 .text.usb_stor_CB_reset
                0x0000000017813274       0xcc common/built-in.o
 .text.usb_stor_CB_comdat
                0x0000000017813340      0x208 common/built-in.o
 .text.usb_stor_CBI_get_status.isra.4
                0x0000000017813548       0xc8 common/built-in.o
 .text.usb_stor_CB_transport
                0x0000000017813610      0x228 common/built-in.o
 .text.usb_request_sense.constprop.10
                0x0000000017813838       0x70 common/built-in.o
 .text.usb_stor_write
                0x00000000178138a8      0x1cc common/built-in.o
                0x00000000178138a8                usb_stor_write
 .text.usb_stor_read
                0x0000000017813a74      0x1cc common/built-in.o
                0x0000000017813a74                usb_stor_read
 .text.usb_stor_BBB_transport
                0x0000000017813c40      0x2cc common/built-in.o
 .text.usb_stor_get_dev
                0x0000000017813f0c       0x28 common/built-in.o
                0x0000000017813f0c                usb_stor_get_dev
 .text.usb_stor_info
                0x0000000017813f34       0x74 common/built-in.o
                0x0000000017813f34                usb_stor_info
 .text.usb_storage_probe
                0x0000000017813fa8      0x208 common/built-in.o
                0x0000000017813fa8                usb_storage_probe
 .text.usb_stor_get_info
                0x00000000178141b0      0x324 common/built-in.o
                0x00000000178141b0                usb_stor_get_info
 .text.usb_stor_scan
                0x00000000178144d4      0x1f4 common/built-in.o
                0x00000000178144d4                usb_stor_scan
 .text.do_fastboot
                0x00000000178146c8       0x70 common/built-in.o
 .text.write_sparse_image
                0x0000000017814738      0x390 common/built-in.o
                0x0000000017814738                write_sparse_image
 .text.ums_read_sector
                0x0000000017814ac8       0x24 common/built-in.o
 .text.ums_write_sector
                0x0000000017814aec       0x24 common/built-in.o
 .text.ums_init
                0x0000000017814b10       0x60 common/built-in.o
                0x0000000017814b10                ums_init
 .text.do_usb_mass_storage
                0x0000000017814b70      0x18c common/built-in.o
                0x0000000017814b70                do_usb_mass_storage
 .text.do_imgextract
                0x0000000017814cfc      0x28c common/built-in.o
 .text.splash_screen_prepare
                0x0000000017814f88        0x8 common/built-in.o
                0x0000000017814f88                splash_screen_prepare
 .text.splash_get_pos
                0x0000000017814f90       0x84 common/built-in.o
                0x0000000017814f90                splash_get_pos
 .text.do_env_delete
                0x0000000017815014       0x9c common/built-in.o
 .text.do_env_exists
                0x00000000178150b0       0x6c common/built-in.o
 .text.do_env_save
                0x000000001781511c       0x2c common/built-in.o
 .text.do_env   0x0000000017815148       0x64 common/built-in.o
 .text.env_print
                0x00000000178151ac       0xc8 common/built-in.o
 .text.do_env_print
                0x0000000017815274       0xc4 common/built-in.o
 .text.do_env_import
                0x0000000017815338      0x28c common/built-in.o
 .text.do_env_default
                0x00000000178155c4       0xa8 common/built-in.o
 .text._do_env_set.isra.1
                0x000000001781566c      0x1c4 common/built-in.o
 .text.do_env_set
                0x0000000017815830       0x1c common/built-in.o
 .text.get_env_id
                0x000000001781584c       0x10 common/built-in.o
                0x000000001781584c                get_env_id
 .text.setenv   0x000000001781585c       0x58 common/built-in.o
                0x000000001781585c                setenv
 .text.setenv_ulong
                0x00000000178158b4       0x20 common/built-in.o
                0x00000000178158b4                setenv_ulong
 .text.setenv_hex
                0x00000000178158d4       0x34 common/built-in.o
                0x00000000178158d4                setenv_hex
 .text.do_env_export
                0x0000000017815908      0x260 common/built-in.o
 .text.envmatch
                0x0000000017815b68       0x6c common/built-in.o
                0x0000000017815b68                envmatch
 .text.getenv_f
                0x0000000017815bd4       0xc0 common/built-in.o
                0x0000000017815bd4                getenv_f
 .text.getenv   0x0000000017815c94       0x80 common/built-in.o
                0x0000000017815c94                getenv
 .text.getenv_hex
                0x0000000017815d14       0x3c common/built-in.o
                0x0000000017815d14                getenv_hex
 .text.getenv_ulong
                0x0000000017815d50       0x30 common/built-in.o
                0x0000000017815d50                getenv_ulong
 .text.do_env_edit
                0x0000000017815d80       0x7c common/built-in.o
 .text.env_get_char_spec
                0x0000000017815dfc        0xc common/built-in.o
                0x0000000017815dfc                env_get_char_spec
 .text.env_get_addr
                0x0000000017815e08       0x20 common/built-in.o
                0x0000000017815e08                env_get_addr
 .text.env_get_char_memory
                0x0000000017815e28       0x10 common/built-in.o
                0x0000000017815e28                env_get_char_memory
 .text.env_get_char
                0x0000000017815e38       0x30 common/built-in.o
                0x0000000017815e38                env_get_char
 .text.getenv_yesno
                0x0000000017815e68       0x40 common/built-in.o
                0x0000000017815e68                getenv_yesno
 .text.getenv_default
                0x0000000017815ea8       0x30 common/built-in.o
                0x0000000017815ea8                getenv_default
 .text.set_default_env
                0x0000000017815ed8       0xc0 common/built-in.o
                0x0000000017815ed8                set_default_env
 .text.set_default_vars
                0x0000000017815f98       0x3c common/built-in.o
                0x0000000017815f98                set_default_vars
 .text.env_import
                0x0000000017815fd4       0xe0 common/built-in.o
                0x0000000017815fd4                env_import
 .text.env_export
                0x00000000178160b4       0xa0 common/built-in.o
                0x00000000178160b4                env_export
 .text.env_relocate
                0x0000000017816154       0x30 common/built-in.o
                0x0000000017816154                env_relocate
 .text.env_complete
                0x0000000017816184       0xdc common/built-in.o
                0x0000000017816184                env_complete
 .text.console_setfile
                0x0000000017816260       0xc0 common/built-in.o
 .text.serial_printf
                0x0000000017816320       0x50 common/built-in.o
                0x0000000017816320                serial_printf
 .text.puts     0x0000000017816370       0x34 common/built-in.o
                0x0000000017816370                puts
 .text.printf   0x00000000178163a4       0x5c common/built-in.o
                0x00000000178163a4                printf
 .text.putc     0x0000000017816400       0x34 common/built-in.o
                0x0000000017816400                putc
 .text.fgetc    0x0000000017816434       0x24 common/built-in.o
                0x0000000017816434                fgetc
 .text.getc     0x0000000017816458       0x24 common/built-in.o
                0x0000000017816458                getc
 .text.ftstc    0x000000001781647c       0x24 common/built-in.o
                0x000000001781647c                ftstc
 .text.tstc     0x00000000178164a0       0x24 common/built-in.o
                0x00000000178164a0                tstc
 .text.vprintf  0x00000000178164c4       0x3c common/built-in.o
                0x00000000178164c4                vprintf
 .text.ctrlc    0x0000000017816500       0x58 common/built-in.o
                0x0000000017816500                ctrlc
 .text.confirm_yesno
                0x0000000017816558       0xd4 common/built-in.o
                0x0000000017816558                confirm_yesno
 .text.had_ctrlc
                0x000000001781662c       0x10 common/built-in.o
                0x000000001781662c                had_ctrlc
 .text.clear_ctrlc
                0x000000001781663c       0x14 common/built-in.o
                0x000000001781663c                clear_ctrlc
 .text.search_device
                0x0000000017816650       0x28 common/built-in.o
                0x0000000017816650                search_device
 .text.console_assign
                0x0000000017816678       0x48 common/built-in.o
                0x0000000017816678                console_assign
 .text.on_console
                0x00000000178166c0       0xc0 common/built-in.o
 .text.console_init_f
                0x0000000017816780       0x10 common/built-in.o
                0x0000000017816780                console_init_f
 .text.stdio_print_current_devices
                0x0000000017816790       0xb0 common/built-in.o
                0x0000000017816790                stdio_print_current_devices
 .text.console_init_r
                0x0000000017816840      0x194 common/built-in.o
                0x0000000017816840                console_init_r
 .text.sbrk     0x00000000178169d4       0x70 common/built-in.o
                0x00000000178169d4                sbrk
 .text.mem_malloc_init
                0x0000000017816a44       0x34 common/built-in.o
                0x0000000017816a44                mem_malloc_init
 .text.malloc_trim
                0x0000000017816a78       0xcc common/built-in.o
                0x0000000017816a78                malloc_trim
 .text.free     0x0000000017816b44      0x248 common/built-in.o
                0x0000000017816b44                free
 .text.malloc   0x0000000017816d8c      0x62c common/built-in.o
                0x0000000017816d8c                malloc
 .text.calloc   0x00000000178173b8      0x148 common/built-in.o
                0x00000000178173b8                calloc
 .text.realloc  0x0000000017817500      0x4d8 common/built-in.o
                0x0000000017817500                realloc
 .text.memalign
                0x00000000178179d8      0x10c common/built-in.o
                0x00000000178179d8                memalign
 .text.malloc_simple
                0x0000000017817ae4       0x30 common/built-in.o
                0x0000000017817ae4                malloc_simple
 .text.on_loadaddr
                0x0000000017817b14       0x38 common/built-in.o
 .text.image_check_hcrc
                0x0000000017817b4c       0x4c common/built-in.o
                0x0000000017817b4c                image_check_hcrc
 .text.image_check_dcrc
                0x0000000017817b98       0x38 common/built-in.o
                0x0000000017817b98                image_check_dcrc
 .text.image_multi_count
                0x0000000017817bd0       0x1c common/built-in.o
                0x0000000017817bd0                image_multi_count
 .text.image_multi_getimg
                0x0000000017817bec       0x80 common/built-in.o
                0x0000000017817bec                image_multi_getimg
 .text.getenv_bootm_low
                0x0000000017817c6c       0x30 common/built-in.o
                0x0000000017817c6c                getenv_bootm_low
 .text.getenv_bootm_size
                0x0000000017817c9c       0x5c common/built-in.o
                0x0000000017817c9c                getenv_bootm_size
 .text.getenv_bootm_mapsize
                0x0000000017817cf8       0x30 common/built-in.o
                0x0000000017817cf8                getenv_bootm_mapsize
 .text.memmove_wd
                0x0000000017817d28        0xc common/built-in.o
                0x0000000017817d28                memmove_wd
 .text.genimg_print_size
                0x0000000017817d34       0x30 common/built-in.o
                0x0000000017817d34                genimg_print_size
 .text.get_table_entry_name
                0x0000000017817d64       0x2c common/built-in.o
                0x0000000017817d64                get_table_entry_name
 .text.genimg_get_os_name
                0x0000000017817d90       0x18 common/built-in.o
                0x0000000017817d90                genimg_get_os_name
 .text.genimg_get_arch_name
                0x0000000017817da8       0x18 common/built-in.o
                0x0000000017817da8                genimg_get_arch_name
 .text.genimg_get_type_name
                0x0000000017817dc0       0x18 common/built-in.o
                0x0000000017817dc0                genimg_get_type_name
 .text.genimg_get_comp_name
                0x0000000017817dd8       0x18 common/built-in.o
                0x0000000017817dd8                genimg_get_comp_name
 .text.image_print_contents
                0x0000000017817df0      0x174 common/built-in.o
                0x0000000017817df0                image_print_contents
 .text.genimg_get_kernel_addr_fit
                0x0000000017817f64       0x24 common/built-in.o
                0x0000000017817f64                genimg_get_kernel_addr_fit
 .text.genimg_get_format
                0x0000000017817f88       0x50 common/built-in.o
                0x0000000017817f88                genimg_get_format
 .text.genimg_get_image
                0x0000000017817fd8        0x4 common/built-in.o
                0x0000000017817fd8                genimg_get_image
 .text.genimg_has_config
                0x0000000017817fdc        0x8 common/built-in.o
                0x0000000017817fdc                genimg_has_config
 .text.boot_get_ramdisk
                0x0000000017817fe4      0x298 common/built-in.o
                0x0000000017817fe4                boot_get_ramdisk
 .text.boot_ramdisk_high
                0x000000001781827c      0x13c common/built-in.o
                0x000000001781827c                boot_ramdisk_high
 .text.boot_get_setup
                0x00000000178183b8        0x8 common/built-in.o
                0x00000000178183b8                boot_get_setup
 .text.image_setup_linux
                0x00000000178183c0       0x8c common/built-in.o
                0x00000000178183c0                image_setup_linux
 .text.android_image_get_kernel
                0x000000001781844c      0x16c common/built-in.o
                0x000000001781844c                android_image_get_kernel
 .text.android_image_check_header
                0x00000000178185b8       0x14 common/built-in.o
                0x00000000178185b8                android_image_check_header
 .text.android_image_get_end
                0x00000000178185cc       0x4c common/built-in.o
                0x00000000178185cc                android_image_get_end
 .text.android_image_get_kload
                0x0000000017818618        0x8 common/built-in.o
                0x0000000017818618                android_image_get_kload
 .text.android_image_get_ramdisk
                0x0000000017818620       0x74 common/built-in.o
                0x0000000017818620                android_image_get_ramdisk
 .text.android_image_get_fdt
                0x0000000017818694       0x88 common/built-in.o
                0x0000000017818694                android_image_get_fdt
 .text.fdt_error
                0x000000001781871c       0x2c common/built-in.o
 .text.boot_fdt_add_mem_rsv_regions
                0x0000000017818748       0x88 common/built-in.o
                0x0000000017818748                boot_fdt_add_mem_rsv_regions
 .text.boot_relocate_fdt
                0x00000000178187d0      0x194 common/built-in.o
                0x00000000178187d0                boot_relocate_fdt
 .text.boot_get_fdt
                0x0000000017818964      0x2cc common/built-in.o
                0x0000000017818964                boot_get_fdt
 .text.ft_verify_fdt
                0x0000000017818c30        0x8 common/built-in.o
                0x0000000017818c30                ft_verify_fdt
 .text.image_setup_libfdt
                0x0000000017818c38       0xe8 common/built-in.o
                0x0000000017818c38                image_setup_libfdt
 .text.get_effective_memsize
                0x0000000017818d20        0x8 common/built-in.o
                0x0000000017818d20                get_effective_memsize
 .text.nulldev_putc
                0x0000000017818d28        0x4 common/built-in.o
 .text.nulldev_puts
                0x0000000017818d2c        0x4 common/built-in.o
 .text.nulldev_input
                0x0000000017818d30        0x8 common/built-in.o
 .text.stdio_serial_tstc
                0x0000000017818d38        0x4 common/built-in.o
 .text.stdio_serial_getc
                0x0000000017818d3c        0x4 common/built-in.o
 .text.stdio_serial_puts
                0x0000000017818d40        0x8 common/built-in.o
 .text.stdio_serial_putc
                0x0000000017818d48        0x8 common/built-in.o
 .text.stdio_get_list
                0x0000000017818d50        0xc common/built-in.o
                0x0000000017818d50                stdio_get_list
 .text.stdio_get_by_name
                0x0000000017818d5c       0x5c common/built-in.o
                0x0000000017818d5c                stdio_get_by_name
 .text.stdio_clone
                0x0000000017818db8       0x38 common/built-in.o
                0x0000000017818db8                stdio_clone
 .text.stdio_register_dev
                0x0000000017818df0       0x50 common/built-in.o
                0x0000000017818df0                stdio_register_dev
 .text.stdio_register
                0x0000000017818e40        0x8 common/built-in.o
                0x0000000017818e40                stdio_register
 .text.stdio_init_tables
                0x0000000017818e48       0x1c common/built-in.o
                0x0000000017818e48                stdio_init_tables
 .text.stdio_add_devices
                0x0000000017818e64       0xd4 common/built-in.o
                0x0000000017818e64                stdio_add_devices
 .text.run_command
                0x0000000017818f38       0x10 common/built-in.o
                0x0000000017818f38                run_command
 .text.run_command_list
                0x0000000017818f48       0x7c common/built-in.o
                0x0000000017818f48                run_command_list
 .text.do_run   0x0000000017818fc4       0x78 common/built-in.o
                0x0000000017818fc4                do_run
 .text.cli_loop
                0x000000001781903c        0xc common/built-in.o
                0x000000001781903c                cli_loop
 .text.cli_init
                0x0000000017819048        0x4 common/built-in.o
                0x0000000017819048                cli_init
 .text.delete_char.part.0
                0x000000001781904c       0xd0 common/built-in.o
 .text.cread_add_char
                0x000000001781911c       0xe8 common/built-in.o
 .text.cli_readline_into_buffer
                0x0000000017819204      0x9cc common/built-in.o
                0x0000000017819204                cli_readline_into_buffer
 .text.cli_readline
                0x0000000017819bd0       0x14 common/built-in.o
                0x0000000017819bd0                cli_readline
 .text.find_cmd_tbl
                0x0000000017819be4       0xa4 common/built-in.o
                0x0000000017819be4                find_cmd_tbl
 .text.find_cmd
                0x0000000017819c88       0x28 common/built-in.o
                0x0000000017819c88                find_cmd
 .text.cmd_usage
                0x0000000017819cb0       0x5c common/built-in.o
                0x0000000017819cb0                cmd_usage
 .text._do_help
                0x0000000017819d0c      0x180 common/built-in.o
                0x0000000017819d0c                _do_help
 .text.var_complete
                0x0000000017819e8c       0x7c common/built-in.o
                0x0000000017819e8c                var_complete
 .text.cmd_auto_complete
                0x0000000017819f08      0x4b4 common/built-in.o
                0x0000000017819f08                cmd_auto_complete
 .text.cmd_get_data_size
                0x000000001781a3bc       0x5c common/built-in.o
                0x000000001781a3bc                cmd_get_data_size
 .text.cmd_process
                0x000000001781a418       0xf4 common/built-in.o
                0x000000001781a418                cmd_process
 .text.cmd_process_error
                0x000000001781a50c       0x34 common/built-in.o
                0x000000001781a50c                cmd_process_error
 .text.hex2_bin
                0x000000001781a540       0x80 common/built-in.o
 .text.srec_decode
                0x000000001781a5c0      0x254 common/built-in.o
                0x000000001781a5c0                srec_decode
 .text.CYGACC_COMM_IF_GETC_TIMEOUT.isra.0
                0x000000001781a814       0x5c common/built-in.o
 .text.xyzModem_get_hdr
                0x000000001781a870      0x24c common/built-in.o
 .text.xyzModem_stream_open
                0x000000001781aabc      0x23c common/built-in.o
                0x000000001781aabc                xyzModem_stream_open
 .text.xyzModem_stream_read
                0x000000001781acf8      0x258 common/built-in.o
                0x000000001781acf8                xyzModem_stream_read
 .text.xyzModem_stream_close
                0x000000001781af50       0x54 common/built-in.o
                0x000000001781af50                xyzModem_stream_close
 .text.xyzModem_stream_terminate
                0x000000001781afa4       0xa8 common/built-in.o
                0x000000001781afa4                xyzModem_stream_terminate
 .text.xyzModem_error
                0x000000001781b04c       0x20 common/built-in.o
                0x000000001781b04c                xyzModem_error
 .text.common_diskboot
                0x000000001781b06c      0x238 common/built-in.o
                0x000000001781b06c                common_diskboot
 .text.get_dev_hwpart
                0x000000001781b2a4       0xb0 disk/built-in.o
 .text.get_dev  0x000000001781b354        0x8 disk/built-in.o
                0x000000001781b354                get_dev
 .text.dev_print
                0x000000001781b35c      0x204 disk/built-in.o
                0x000000001781b35c                dev_print
 .text.init_part
                0x000000001781b560       0x20 disk/built-in.o
                0x000000001781b560                init_part
 .text.print_part
                0x000000001781b580       0xf4 disk/built-in.o
                0x000000001781b580                print_part
 .text.get_partition_info
                0x000000001781b674       0x2c disk/built-in.o
                0x000000001781b674                get_partition_info
 .text.get_device
                0x000000001781b6a0      0x114 disk/built-in.o
                0x000000001781b6a0                get_device
 .text.get_device_and_partition
                0x000000001781b7b4      0x440 disk/built-in.o
                0x000000001781b7b4                get_device_and_partition
 .text.test_block_type
                0x000000001781bbf4       0x84 disk/built-in.o
 .text.print_partition_extended
                0x000000001781bc78      0x278 disk/built-in.o
 .text.get_partition_info_extended.constprop.2
                0x000000001781bef0      0x2d4 disk/built-in.o
 .text.test_part_dos
                0x000000001781c1c4       0x64 disk/built-in.o
                0x000000001781c1c4                test_part_dos
 .text.print_part_dos
                0x000000001781c228       0x34 disk/built-in.o
                0x000000001781c228                print_part_dos
 .text.get_partition_info_dos
                0x000000001781c25c       0x20 disk/built-in.o
                0x000000001781c25c                get_partition_info_dos
 .text.device_bind
                0x000000001781c27c      0x268 drivers/built-in.o
                0x000000001781c27c                device_bind
 .text.device_bind_by_name
                0x000000001781c4e4       0x5c drivers/built-in.o
                0x000000001781c4e4                device_bind_by_name
 .text.device_probe
                0x000000001781c540        0x8 drivers/built-in.o
                0x000000001781c540                device_probe
 .text.device_probe_child
                0x000000001781c548      0x208 drivers/built-in.o
                0x000000001781c548                device_probe_child
 .text.dev_get_platdata
                0x000000001781c750       0x34 drivers/built-in.o
                0x000000001781c750                dev_get_platdata
 .text.dev_get_priv
                0x000000001781c784       0x34 drivers/built-in.o
                0x000000001781c784                dev_get_priv
 .text.lists_driver_lookup_name
                0x000000001781c7b8       0x4c drivers/built-in.o
                0x000000001781c7b8                lists_driver_lookup_name
 .text.lists_uclass_lookup
                0x000000001781c804       0x3c drivers/built-in.o
                0x000000001781c804                lists_uclass_lookup
 .text.lists_bind_drivers
                0x000000001781c840       0x88 drivers/built-in.o
                0x000000001781c840                lists_bind_drivers
 .text.dm_root  0x000000001781c8c8       0x28 drivers/built-in.o
                0x000000001781c8c8                dm_root
 .text.dm_init  0x000000001781c8f0       0x58 drivers/built-in.o
                0x000000001781c8f0                dm_init
 .text.dm_scan_platdata
                0x000000001781c948       0x2c drivers/built-in.o
                0x000000001781c948                dm_scan_platdata
 .text.dm_scan_other
                0x000000001781c974        0x8 drivers/built-in.o
                0x000000001781c974                dm_scan_other
 .text.dm_init_and_scan
                0x000000001781c97c       0x30 drivers/built-in.o
                0x000000001781c97c                dm_init_and_scan
 .text.uclass_find
                0x000000001781c9ac       0x4c drivers/built-in.o
                0x000000001781c9ac                uclass_find
 .text.uclass_get
                0x000000001781c9f8      0x134 drivers/built-in.o
                0x000000001781c9f8                uclass_get
 .text.uclass_find_device
                0x000000001781cb2c       0x68 drivers/built-in.o
                0x000000001781cb2c                uclass_find_device
 .text.uclass_find_device_by_seq
                0x000000001781cb94       0x7c drivers/built-in.o
                0x000000001781cb94                uclass_find_device_by_seq
 .text.uclass_get_device
                0x000000001781cc10       0x3c drivers/built-in.o
                0x000000001781cc10                uclass_get_device
 .text.uclass_bind_device
                0x000000001781cc4c       0xa4 drivers/built-in.o
                0x000000001781cc4c                uclass_bind_device
 .text.uclass_unbind_device
                0x000000001781ccf0       0x50 drivers/built-in.o
                0x000000001781ccf0                uclass_unbind_device
 .text.uclass_resolve_seq
                0x000000001781cd40       0xb0 drivers/built-in.o
                0x000000001781cd40                uclass_resolve_seq
 .text.uclass_pre_probe_child
                0x000000001781cdf0       0x2c drivers/built-in.o
                0x000000001781cdf0                uclass_pre_probe_child
 .text.uclass_post_probe_device
                0x000000001781ce1c       0x20 drivers/built-in.o
                0x000000001781ce1c                uclass_post_probe_device
 .text.uclass_pre_remove_device
                0x000000001781ce3c       0x5c drivers/built-in.o
                0x000000001781ce3c                uclass_pre_remove_device
 .text.dm_warn  0x000000001781ce98       0x28 drivers/built-in.o
                0x000000001781ce98                dm_warn
 .text.device_free
                0x000000001781cec0       0x90 drivers/built-in.o
                0x000000001781cec0                device_free
 .text.device_remove
                0x000000001781cf50      0x138 drivers/built-in.o
                0x000000001781cf50                device_remove
 .text.set_timing
                0x000000001781d088       0xb8 drivers/built-in.o
 .text.prepare_access
                0x000000001781d140       0xc4 drivers/built-in.o
 .text.fuse_bank_physical
                0x000000001781d204       0xc4 drivers/built-in.o
                0x000000001781d204                fuse_bank_physical
 .text.fuse_word_physical
                0x000000001781d2c8       0x28 drivers/built-in.o
                0x000000001781d2c8                fuse_word_physical
 .text.fuse_read
                0x000000001781d2f0       0xa8 drivers/built-in.o
                0x000000001781d2f0                fuse_read
 .text.fuse_sense
                0x000000001781d398       0xcc drivers/built-in.o
                0x000000001781d398                fuse_sense
 .text.fuse_prog
                0x000000001781d464       0xc8 drivers/built-in.o
                0x000000001781d464                fuse_prog
 .text.fuse_override
                0x000000001781d52c       0x9c drivers/built-in.o
                0x000000001781d52c                fuse_override
 .text.video_drawchars
                0x000000001781d5c8      0x44c drivers/built-in.o
 .text.draw_bitmap
                0x000000001781da14       0xdc drivers/built-in.o
 .text.console_newline.constprop.1
                0x000000001781daf0       0xe0 drivers/built-in.o
 .text.video_putc
                0x000000001781dbd0      0x194 drivers/built-in.o
 .text.video_puts
                0x000000001781dd64       0x7c drivers/built-in.o
 .text.board_cfb_skip
                0x000000001781dde0        0x8 drivers/built-in.o
                0x000000001781dde0                board_cfb_skip
 .text.video_set_lut
                0x000000001781dde8        0x8 drivers/built-in.o
                0x000000001781ddec                video_set_lut
 .text.display_rle8_bitmap
                0x000000001781ddf0      0x348 drivers/built-in.o
 .text.plot_logo_or_black
                0x000000001781e138      0x294 drivers/built-in.o
 .text.do_clrlogo
                0x000000001781e3cc       0x58 drivers/built-in.o
 .text.video_display_bitmap
                0x000000001781e424      0x988 drivers/built-in.o
                0x000000001781e424                video_display_bitmap
 .text.video_clear
                0x000000001781edac       0x54 drivers/built-in.o
                0x000000001781edac                video_clear
 .text.drv_video_init
                0x000000001781ee00      0x448 drivers/built-in.o
                0x000000001781ee00                drv_video_init
 .text.mxcfb_map_video_memory
                0x000000001781f248       0x88 drivers/built-in.o
 .text.ipuv3_fb_shutdown
                0x000000001781f2d0       0x60 drivers/built-in.o
                0x000000001781f2d0                ipuv3_fb_shutdown
 .text.video_hw_init
                0x000000001781f330      0x5c4 drivers/built-in.o
                0x000000001781f330                video_hw_init
 .text.ipuv3_fb_init
                0x000000001781f8f4       0x2c drivers/built-in.o
                0x000000001781f8f4                ipuv3_fb_init
 .text.clk_ipu_enable
                0x000000001781f920       0x20 drivers/built-in.o
 .text.clk_ipu_disable
                0x000000001781f940       0x1c drivers/built-in.o
 .text.clk_ldb_clk_enable
                0x000000001781f95c       0x20 drivers/built-in.o
 .text.clk_ldb_clk_disable
                0x000000001781f97c       0x1c drivers/built-in.o
 .text.ipu_pixel_clk_enable
                0x000000001781f998       0x28 drivers/built-in.o
 .text.ipu_pixel_clk_disable
                0x000000001781f9c0       0x24 drivers/built-in.o
 .text.ipu_pixel_clk_round_rate
                0x000000001781f9e4      0x118 drivers/built-in.o
 .text.ipu_pixel_clk_set_rate
                0x000000001781fafc       0xe8 drivers/built-in.o
 .text.ipu_pixel_clk_recalc
                0x000000001781fbe4       0x7c drivers/built-in.o
 .text.ipu_pixel_clk_set_parent
                0x000000001781fc60       0x84 drivers/built-in.o
 .text.clk_enable
                0x000000001781fce4       0x24 drivers/built-in.o
                0x000000001781fce4                clk_enable
 .text.clk_disable
                0x000000001781fd08       0x30 drivers/built-in.o
                0x000000001781fd08                clk_disable
 .text.clk_get_usecount
                0x000000001781fd38        0xc drivers/built-in.o
                0x000000001781fd38                clk_get_usecount
 .text.clk_get_rate
                0x000000001781fd44        0xc drivers/built-in.o
                0x000000001781fd44                clk_get_rate
 .text.clk_get_parent
                0x000000001781fd50        0xc drivers/built-in.o
                0x000000001781fd50                clk_get_parent
 .text.clk_set_rate
                0x000000001781fd5c       0x30 drivers/built-in.o
                0x000000001781fd5c                clk_set_rate
 .text.clk_round_rate
                0x000000001781fd8c       0x20 drivers/built-in.o
                0x000000001781fd8c                clk_round_rate
 .text.clk_set_parent
                0x000000001781fdac       0x1c drivers/built-in.o
                0x000000001781fdac                clk_set_parent
 .text.ipu_probe
                0x000000001781fdc8      0x158 drivers/built-in.o
                0x000000001781fdc8                ipu_probe
 .text.ipu_dump_registers
                0x000000001781ff20        0x4 drivers/built-in.o
                0x000000001781ff20                ipu_dump_registers
 .text.ipu_init_channel
                0x000000001781ff24      0x1fc drivers/built-in.o
                0x000000001781ff24                ipu_init_channel
 .text.ipu_uninit_channel
                0x0000000017820120      0x220 drivers/built-in.o
                0x0000000017820120                ipu_uninit_channel
 .text.ipu_enable_channel
                0x0000000017820340       0xe8 drivers/built-in.o
                0x0000000017820340                ipu_enable_channel
 .text.ipu_clear_buffer_ready
                0x0000000017820428       0x7c drivers/built-in.o
                0x0000000017820428                ipu_clear_buffer_ready
 .text.ipu_disable_channel
                0x00000000178204a4      0x198 drivers/built-in.o
                0x00000000178204a4                ipu_disable_channel
 .text.bytes_per_pixel
                0x000000001782063c       0xec drivers/built-in.o
                0x000000001782063c                bytes_per_pixel
 .text.ipu_init_channel_buffer
                0x0000000017820728      0x584 drivers/built-in.o
                0x0000000017820728                ipu_init_channel_buffer
 .text.format_to_colorspace
                0x0000000017820cac       0xc4 drivers/built-in.o
                0x0000000017820cac                format_to_colorspace
 .text.ipu_dc_map_config
                0x0000000017820d70       0x70 drivers/built-in.o
 .text.rgb_to_yuv
                0x0000000017820de0       0x70 drivers/built-in.o
 .text.ipu_dc_link_event
                0x0000000017820e50      0x170 drivers/built-in.o
 .text.ipu_dp_csc_setup.isra.0
                0x0000000017820fc0      0x100 drivers/built-in.o
 .text.ipu_di_sync_config.constprop.3
                0x00000000178210c0       0xf0 drivers/built-in.o
 .text.ipu_dmfc_init
                0x00000000178211b0      0x158 drivers/built-in.o
                0x00000000178211b0                ipu_dmfc_init
 .text.ipu_dmfc_set_wait4eot
                0x0000000017821308      0x130 drivers/built-in.o
                0x0000000017821308                ipu_dmfc_set_wait4eot
 .text.ipu_dp_init
                0x0000000017821438      0x1f8 drivers/built-in.o
                0x0000000017821438                ipu_dp_init
 .text.ipu_dp_uninit
                0x0000000017821630       0x7c drivers/built-in.o
                0x0000000017821630                ipu_dp_uninit
 .text.ipu_dc_init
                0x00000000178216ac      0x2d0 drivers/built-in.o
                0x00000000178216ac                ipu_dc_init
 .text.ipu_dc_uninit
                0x000000001782197c      0x1b4 drivers/built-in.o
                0x000000001782197c                ipu_dc_uninit
 .text.ipu_dp_dc_enable
                0x0000000017821b30      0x1f4 drivers/built-in.o
                0x0000000017821b30                ipu_dp_dc_enable
 .text.ipu_dp_dc_disable
                0x0000000017821d24      0x35c drivers/built-in.o
                0x0000000017821d24                ipu_dp_dc_disable
 .text.ipu_init_dc_mappings
                0x0000000017822080      0x184 drivers/built-in.o
                0x0000000017822080                ipu_init_dc_mappings
 .text.ipu_init_sync_panel
                0x0000000017822204      0x7c4 drivers/built-in.o
                0x0000000017822204                ipu_init_sync_panel
 .text.ipu_disp_set_global_alpha
                0x00000000178229c8      0x100 drivers/built-in.o
                0x00000000178229c8                ipu_disp_set_global_alpha
 .text.ipu_disp_set_color_key
                0x0000000017822ac8      0x1a4 drivers/built-in.o
                0x0000000017822ac8                ipu_disp_set_color_key
 .text.reset_cpu
                0x0000000017822c6c       0x28 drivers/built-in.o
                0x0000000017822c6c                reset_cpu
 .text.thermal_get_temp
                0x0000000017822c94       0x20 drivers/built-in.o
                0x0000000017822c94                thermal_get_temp
 .text.read_cpu_temperature
                0x0000000017822cb4      0x144 drivers/built-in.o
 .text.imx_thermal_get_temp
                0x0000000017822df8       0x48 drivers/built-in.o
                0x0000000017822df8                imx_thermal_get_temp
 .text.imx_thermal_probe