clock.c:1038:12:enable_enet_pll	4	static
clock.c:299:12:mxc_get_pll_pfd	16	static
clock.c:982:12:get_usdhc_clk	8	static
clock.c:28:6:enable_ocotp_clk	0	static
clock.c:83:6:enable_usboh3_clk	0	static
clock.c:97:6:enable_enet_clk	0	static
clock.c:126:6:enable_uart_clk	0	static
clock.c:157:5:enable_usdhc_clk	0	static
clock.c:176:5:enable_i2c_clk	0	static
clock.c:214:5:enable_spi_clk	0	static
clock.c:340:5:get_periph_clk	8	static
clock.c:451:12:get_axi_clk	8	static
clock.c:912:5:enable_fec_anatop_clock	0	static
clock.c:1027:5:imx_get_uartclk	8	static
clock.c:1093:5:enable_sata_clock	0	static
clock.c:1099:6:disable_sata_clock	0	static
clock.c:1108:5:enable_pcie_clock	8	static
clock.c:1230:6:enable_thermal_clk	0	static
clock.c:1235:14:mxc_get_clock	16	static
clock.c:1032:5:imx_get_fecclk	0	static
clock.c:1280:5:do_mx6_showclocks	16	static
clock.c:1338:6:enable_ipu_clock	0	static
