soc.c:61:5:get_nr_cpus	0	static
soc.c:67:5:get_cpu_rev	0	static
soc.c:96:12:get_board_rev	8	static
soc.c:110:6:init_aips	0	static
soc.c:424:5:arch_cpu_init	8	static
soc.c:543:5:board_postclk_init	8	static
soc.c:551:6:get_board_serial	0	static
soc.c:564:6:enable_caches	8	static
soc.c:589:6:imx_get_mac_from_fuse	0	static
soc.c:671:6:boot_mode_apply	0	static
soc.c:706:18:get_boot_device	0	static
soc.c:749:6:s_init	8	static
soc.c:794:6:set_wdog_reset	0	static
soc.c:816:6:reset_misc	0	static
soc.c:828:5:check_ldo_bypass	8	static
soc.c:852:5:check_1_2G	8	static
soc.c:883:6:set_arm_freq_400M	0	static
soc.c:893:6:prep_anatop_bypass	0	static
soc.c:916:5:set_anatop_bypass	8	static
soc.c:936:6:finish_anatop_bypass	0	static
soc.c:944:6:imx_enable_hdmi_phy	16	static
soc.c:960:6:imx_setup_hdmi	0	static
soc.c:997:6:v7_outer_cache_enable	0	static
soc.c:1048:6:v7_outer_cache_disable	0	static
soc.c:1063:5:recovery_check_and_clean_flag	16	static
soc.c:1084:5:fastboot_check_and_clean_flag	0	static
soc.c:1102:6:fastboot_enable_flag	0	static
